Watching for file changes with StatReloader
[12/Jun/2026 11:09:31] "GET / HTTP/1.1" 200 3798
[12/Jun/2026 11:09:31] "GET /static/css/style.css HTTP/1.1" 304 0
[12/Jun/2026 11:09:31] "GET /static/images/logo.png HTTP/1.1" 304 0
[12/Jun/2026 11:09:31] "GET /static/js/main.js HTTP/1.1" 304 0
[12/Jun/2026 11:09:31] "GET /static/js/news.js HTTP/1.1" 304 0
[12/Jun/2026 11:09:36] "GET /static/images/placeholder.svg HTTP/1.1" 304 0
[12/Jun/2026 11:09:51] "GET /dashboard/ HTTP/1.1" 200 4430
[12/Jun/2026 11:09:51] "GET /static/js/axios.js HTTP/1.1" 304 0
[12/Jun/2026 11:09:51] "GET /static/admin/js/main.js HTTP/1.1" 304 0
[12/Jun/2026 11:09:51] "GET /static/admin/css/style.css HTTP/1.1" 304 0
[12/Jun/2026 11:09:57] "GET /articles/ HTTP/1.1" 200 7847
[12/Jun/2026 11:09:57] "GET /static/admin/css/articles.css HTTP/1.1" 304 0
[12/Jun/2026 11:09:57] "GET /static/admin/js/articles.js HTTP/1.1" 304 0
[12/Jun/2026 11:10:11] "GET /categories/ HTTP/1.1" 200 7904
[12/Jun/2026 11:10:11] "GET /static/admin/css/categories.css HTTP/1.1" 200 7659
[12/Jun/2026 11:10:11] "GET /static/admin/js/categories.js HTTP/1.1" 200 11263
[12/Jun/2026 11:10:12] "GET /categories/ HTTP/1.1" 200 7904
[12/Jun/2026 11:10:12] "GET /categories/ HTTP/1.1" 200 7904
[12/Jun/2026 11:10:18] "GET /articles/ HTTP/1.1" 200 7847
[12/Jun/2026 11:10:20] "GET /categories/ HTTP/1.1" 200 7904
[12/Jun/2026 11:10:24] "GET /users/ HTTP/1.1" 200 7806
[12/Jun/2026 11:10:24] "GET /static/admin/css/users.css HTTP/1.1" 304 0
[12/Jun/2026 11:10:24] "GET /static/admin/js/users.js HTTP/1.1" 304 0
[12/Jun/2026 11:10:26] "GET /categories/ HTTP/1.1" 200 7904
[12/Jun/2026 11:10:27] "GET /users/ HTTP/1.1" 200 7806
[12/Jun/2026 11:10:32] "GET /categories/ HTTP/1.1" 200 7904
[12/Jun/2026 11:10:34] "GET /users/ HTTP/1.1" 200 7806
[12/Jun/2026 11:21:36] "GET /categories/ HTTP/1.1" 200 7904
[12/Jun/2026 11:21:36] "GET /static/admin/css/categories.css HTTP/1.1" 304 0
[12/Jun/2026 11:21:36] "GET /static/admin/js/categories.js HTTP/1.1" 304 0
[12/Jun/2026 11:21:39] "GET /articles/ HTTP/1.1" 200 7847
[12/Jun/2026 11:21:42] "GET /users/ HTTP/1.1" 200 7806
[12/Jun/2026 11:21:45] "GET /users/ HTTP/1.1" 200 7806
[12/Jun/2026 11:22:09] "GET / HTTP/1.1" 200 3798
[12/Jun/2026 11:22:09] "GET /static/css/style.css HTTP/1.1" 200 7584
[12/Jun/2026 11:22:09] "GET /static/images/logo.png HTTP/1.1" 200 59165
[12/Jun/2026 11:22:09] "GET /static/js/main.js HTTP/1.1" 200 6372
[12/Jun/2026 11:22:09] "GET /static/js/news.js HTTP/1.1" 200 15948
Not Found: /favicon.ico
[12/Jun/2026 11:22:09] "GET /favicon.ico HTTP/1.1" 404 4374
[12/Jun/2026 11:22:13] "GET /static/images/placeholder.svg HTTP/1.1" 200 424
[12/Jun/2026 11:22:27] "GET /dashboard/ HTTP/1.1" 200 4430
[12/Jun/2026 11:22:27] "GET /static/admin/css/style.css HTTP/1.1" 200 6869
[12/Jun/2026 11:22:27] "GET /static/admin/js/main.js HTTP/1.1" 200 109
[12/Jun/2026 11:22:27] "GET /static/js/axios.js HTTP/1.1" 200 4619
[12/Jun/2026 11:22:37] "GET /articles/ HTTP/1.1" 200 7847
[12/Jun/2026 11:22:37] "GET /static/admin/css/articles.css HTTP/1.1" 200 8265
[12/Jun/2026 11:22:37] "GET /static/admin/js/articles.js HTTP/1.1" 200 12417
[12/Jun/2026 11:22:42] "GET /users/ HTTP/1.1" 200 7806
[12/Jun/2026 11:22:42] "GET /static/admin/css/users.css HTTP/1.1" 200 7518
[12/Jun/2026 11:22:42] "GET /static/admin/js/users.js HTTP/1.1" 200 6777
[12/Jun/2026 11:22:54] "GET /categories/ HTTP/1.1" 200 7904
[12/Jun/2026 11:22:54] "GET /static/admin/css/categories.css HTTP/1.1" 200 7659
[12/Jun/2026 11:22:54] "GET /static/admin/js/categories.js HTTP/1.1" 200 11263
[12/Jun/2026 11:22:56] "GET /articles/ HTTP/1.1" 200 7847
